
> playwright-test-framework@1.0.0 test
> playwright test


Running 15 tests using 2 workers

[1A[2K[1/15] [chromium] тА║ tests\specs\addRemoveElements.spec.js:12:3 тА║ Add/Remove Elements Tests тА║ ╨Ф╨╛╨▒╨░╨▓╨╗╨╡╨╜╨╕╨╡ ╨╕ ╤Г╨┤╨░╨╗╨╡╨╜╨╕╨╡ ╤Н╨╗╨╡╨╝╨╡╨╜╤В╨╛╨▓ ╤А╨░╨▒╨╛╤В╨░╨╡╤В ╨║╨╛╤А╤А╨╡╨║╤В╨╜╨╛
[1A[2K[2/15] [chromium] тА║ tests\specs\checkboxes.spec.js:12:3 тА║ Checkboxes Tests тА║ ╨Ф╨Х╨д╨Х╨Ъ╨в: ╨Т╤В╨╛╤А╨╛╨╣ ╤З╨╡╨║╨▒╨╛╨║╤Б ╨┐╤А╨╡╨┤╤Г╤Б╤В╨░╨╜╨╛╨▓╨╗╨╡╨╜ ╨║╨░╨║ ╨╛╤В╨╝╨╡╤З╨╡╨╜╨╜╤Л╨╣
[1A[2K[3/15] [chromium] тА║ tests\specs\dropdown.spec.js:12:3 тА║ Dropdown Tests тА║ ╨Т╤Л╨▒╨╛╤А ╨╛╨┐╤Ж╨╕╨╣ ╨▓ dropdown ╤А╨░╨▒╨╛╤В╨░╨╡╤В ╨║╨╛╤А╤А╨╡╨║╤В╨╜╨╛
[1A[2K[4/15] [chromium] тА║ tests\specs\login.spec.js:12:3 тА║ Login Tests тА║ ╨г╤Б╨┐╨╡╤И╨╜╤Л╨╣ ╨╗╨╛╨│╨╕╨╜ ╤Б ╨▓╨░╨╗╨╕╨┤╨╜╤Л╨╝╨╕ ╨┤╨░╨╜╨╜╤Л╨╝╨╕
[1A[2K[5/15] [chromium] тА║ tests\specs\login.spec.js:20:3 тА║ Login Tests тА║ ╨Ф╨Х╨д╨Х╨Ъ╨в: ╨Э╨╡╤Г╤Б╨┐╨╡╤И╨╜╤Л╨╣ ╨╗╨╛╨│╨╕╨╜ ╤Б ╨╜╨╡╨▓╨░╨╗╨╕╨┤╨╜╤Л╨╝╨╕ ╨┤╨░╨╜╨╜╤Л╨╝╨╕
[1A[2K[6/15] [firefox] тА║ tests\specs\addRemoveElements.spec.js:12:3 тА║ Add/Remove Elements Tests тА║ ╨Ф╨╛╨▒╨░╨▓╨╗╨╡╨╜╨╕╨╡ ╨╕ ╤Г╨┤╨░╨╗╨╡╨╜╨╕╨╡ ╤Н╨╗╨╡╨╝╨╡╨╜╤В╨╛╨▓ ╤А╨░╨▒╨╛╤В╨░╨╡╤В ╨║╨╛╤А╤А╨╡╨║╤В╨╜╨╛
[1A[2K[7/15] [firefox] тА║ tests\specs\checkboxes.spec.js:12:3 тА║ Checkboxes Tests тА║ ╨Ф╨Х╨д╨Х╨Ъ╨в: ╨Т╤В╨╛╤А╨╛╨╣ ╤З╨╡╨║╨▒╨╛╨║╤Б ╨┐╤А╨╡╨┤╤Г╤Б╤В╨░╨╜╨╛╨▓╨╗╨╡╨╜ ╨║╨░╨║ ╨╛╤В╨╝╨╡╤З╨╡╨╜╨╜╤Л╨╣
[1A[2K[8/15] [firefox] тА║ tests\specs\dropdown.spec.js:12:3 тА║ Dropdown Tests тА║ ╨Т╤Л╨▒╨╛╤А ╨╛╨┐╤Ж╨╕╨╣ ╨▓ dropdown ╤А╨░╨▒╨╛╤В╨░╨╡╤В ╨║╨╛╤А╤А╨╡╨║╤В╨╜╨╛
[1A[2K[9/15] [firefox] тА║ tests\specs\login.spec.js:12:3 тА║ Login Tests тА║ ╨г╤Б╨┐╨╡╤И╨╜╤Л╨╣ ╨╗╨╛╨│╨╕╨╜ ╤Б ╨▓╨░╨╗╨╕╨┤╨╜╤Л╨╝╨╕ ╨┤╨░╨╜╨╜╤Л╨╝╨╕
[1A[2K[10/15] [firefox] тА║ tests\specs\login.spec.js:20:3 тА║ Login Tests тА║ ╨Ф╨Х╨д╨Х╨Ъ╨в: ╨Э╨╡╤Г╤Б╨┐╨╡╤И╨╜╤Л╨╣ ╨╗╨╛╨│╨╕╨╜ ╤Б ╨╜╨╡╨▓╨░╨╗╨╕╨┤╨╜╤Л╨╝╨╕ ╨┤╨░╨╜╨╜╤Л╨╝╨╕
[1A[2K[11/15] [webkit] тА║ tests\specs\addRemoveElements.spec.js:12:3 тА║ Add/Remove Elements Tests тА║ ╨Ф╨╛╨▒╨░╨▓╨╗╨╡╨╜╨╕╨╡ ╨╕ ╤Г╨┤╨░╨╗╨╡╨╜╨╕╨╡ ╤Н╨╗╨╡╨╝╨╡╨╜╤В╨╛╨▓ ╤А╨░╨▒╨╛╤В╨░╨╡╤В ╨║╨╛╤А╤А╨╡╨║╤В╨╜╨╛
[1A[2K[12/15] [webkit] тА║ tests\specs\checkboxes.spec.js:12:3 тА║ Checkboxes Tests тА║ ╨Ф╨Х╨д╨Х╨Ъ╨в: ╨Т╤В╨╛╤А╨╛╨╣ ╤З╨╡╨║╨▒╨╛╨║╤Б ╨┐╤А╨╡╨┤╤Г╤Б╤В╨░╨╜╨╛╨▓╨╗╨╡╨╜ ╨║╨░╨║ ╨╛╤В╨╝╨╡╤З╨╡╨╜╨╜╤Л╨╣
[1A[2K[13/15] [webkit] тА║ tests\specs\dropdown.spec.js:12:3 тА║ Dropdown Tests тА║ ╨Т╤Л╨▒╨╛╤А ╨╛╨┐╤Ж╨╕╨╣ ╨▓ dropdown ╤А╨░╨▒╨╛╤В╨░╨╡╤В ╨║╨╛╤А╤А╨╡╨║╤В╨╜╨╛
[1A[2K[14/15] [webkit] тА║ tests\specs\login.spec.js:12:3 тА║ Login Tests тА║ ╨г╤Б╨┐╨╡╤И╨╜╤Л╨╣ ╨╗╨╛╨│╨╕╨╜ ╤Б ╨▓╨░╨╗╨╕╨┤╨╜╤Л╨╝╨╕ ╨┤╨░╨╜╨╜╤Л╨╝╨╕
[1A[2K[15/15] [webkit] тА║ tests\specs\login.spec.js:20:3 тА║ Login Tests тА║ ╨Ф╨Х╨д╨Х╨Ъ╨в: ╨Э╨╡╤Г╤Б╨┐╨╡╤И╨╜╤Л╨╣ ╨╗╨╛╨│╨╕╨╜ ╤Б ╨╜╨╡╨▓╨░╨╗╨╕╨┤╨╜╤Л╨╝╨╕ ╨┤╨░╨╜╨╜╤Л╨╝╨╕
[1A[2K  15 passed (33.4s)

To open last HTML report run:
[36m[39m
[36m  npx playwright show-report[39m
[36m[39m
